// Jest Snapshot v1, https://goo.gl/fbAQLP

exports[`ButtonGroup renders 1`] = `"<div class=\\"css-1cqgl9p\\"></div>"`;

exports[`ButtonGroup renders children 1`] = `
"<div class=\\"css-1cqgl9p\\">
  <span></span>
</div>"
`;
