// Jest Snapshot v1, https://goo.gl/fbAQLP

exports[`Calculator renders 1`] = `"<div class=\\"css-zzci37\\"></div>"`;

exports[`Calculator renders children 1`] = `
"<div class=\\"css-zzci37\\">
  <span></span>
</div>"
`;
