// Jest Snapshot v1, https://goo.gl/fbAQLP

exports[`Hero renders 1`] = `
"<div class=\\"css-6oc5jx\\">
  <Title></Title>
  <Features></Features>
</div>"
`;
