// Jest Snapshot v1, https://goo.gl/fbAQLP

exports[`OperationButton passes className property 1`] = `"<Button class></Button>"`;

exports[`OperationButton passes text property 1`] = `"<Button class text=\\"+\\"></Button>"`;

exports[`OperationButton renders 1`] = `"<Button class></Button>"`;
